#
# There is insufficient memory for the Java Runtime Environment to continue.
# Native memory allocation (malloc) failed to allocate 2004656 bytes. Error detail: Chunk::new
# Possible reasons:
#   The system is out of physical RAM or swap space
#   This process is running with CompressedOops enabled, and the Java Heap may be blocking the growth of the native heap
# Possible solutions:
#   Reduce memory load on the system
#   Increase physical memory or swap space
#   Check if swap backing store is full
#   Decrease Java heap size (-Xmx/-Xms)
#   Decrease number of Java threads
#   Decrease Java thread stack sizes (-Xss)
#   Set larger code cache with -XX:ReservedCodeCacheSize=
#   JVM is running with Unscaled Compressed Oops mode in which the Java heap is
#     placed in the first 4GB address space. The Java Heap base address is the
#     maximum limit for the native heap growth. Please use -XX:HeapBaseMinAddress
#     to set the Java Heap base and to place the Java Heap above 4GB virtual address.
# This output file may be truncated or incomplete.
#
#  Out of Memory Error (arena.cpp:168), pid=7828, tid=5724
#
# JRE version: OpenJDK Runtime Environment Temurin-21.0.7+6 (21.0.7+6) (build 21.0.7+6-LTS)
# Java VM: OpenJDK 64-Bit Server VM Temurin-21.0.7+6 (21.0.7+6-LTS, mixed mode, sharing, tiered, compressed oops, compressed class ptrs, parallel gc, windows-amd64)
# No core dump will be written. Minidumps are not enabled by default on client versions of Windows
#

---------------  S U M M A R Y ------------

Command Line: --add-modules=ALL-SYSTEM --add-opens=java.base/java.util=ALL-UNNAMED --add-opens=java.base/java.lang=ALL-UNNAMED --add-opens=java.base/sun.nio.fs=ALL-UNNAMED -Declipse.application=org.eclipse.jdt.ls.core.id1 -Dosgi.bundles.defaultStartLevel=4 -Declipse.product=org.eclipse.jdt.ls.core.product -Djava.import.generatesMetadataFilesAtProjectRoot=false -DDetectVMInstallationsJob.disabled=true -Dfile.encoding=utf8 -XX:+UseParallelGC -XX:GCTimeRatio=4 -XX:AdaptiveSizePolicyWeight=90 -Dsun.zip.disableMemoryMapping=true -Xmx2G -Xms100m -Xlog:disable -javaagent:c:\Users\Lenovo\.vscode\extensions\redhat.java-1.43.1-win32-x64\lombok\lombok-1.18.39-4050.jar -XX:+HeapDumpOnOutOfMemoryError -XX:HeapDumpPath=c:\Users\Lenovo\AppData\Roaming\Code\User\workspaceStorage\b5c7f040054819bcab25fd590b07e2e8\redhat.java -Daether.dependencyCollector.impl=bf c:\Users\Lenovo\.vscode\extensions\redhat.java-1.43.1-win32-x64\server\plugins\org.eclipse.equinox.launcher_1.7.0.v20250519-0528.jar -configuration c:\Users\Lenovo\AppData\Roaming\Code\User\globalStorage\redhat.java\1.43.1\config_win -data c:\Users\Lenovo\AppData\Roaming\Code\User\workspaceStorage\b5c7f040054819bcab25fd590b07e2e8\redhat.java\jdt_ws --pipe=\\.\pipe\lsp-777314a1ab2522f0ba0a79b491c401c2-sock

Host: 11th Gen Intel(R) Core(TM) i3-1115G4 @ 3.00GHz, 4 cores, 7G,  Windows 11 , 64 bit Build 22621 (10.0.22621.5415)
Time: Tue Jul  8 15:25:25 2025 India Standard Time elapsed time: 27.083424 seconds (0d 0h 0m 27s)

---------------  T H R E A D  ---------------

Current thread (0x00000255f1e56830):  JavaThread "C2 CompilerThread0" daemon [_thread_in_native, id=5724, stack(0x000000b589b00000,0x000000b589c00000) (1024K)]


Current CompileTask:
C2:27083 11921   !   4       org.eclipse.jdt.internal.core.search.indexing.BinaryIndexer::indexDocument (1168 bytes)

Stack: [0x000000b589b00000,0x000000b589c00000]
Native frames: (J=compiled Java code, j=interpreted, Vv=VM code, C=native code)
V  [jvm.dll+0x6ce119]
V  [jvm.dll+0x8a84a1]
V  [jvm.dll+0x8aa9ce]
V  [jvm.dll+0x8ab0b3]
V  [jvm.dll+0x27f8a6]
V  [jvm.dll+0xc507d]
V  [jvm.dll+0xc55b3]
V  [jvm.dll+0x3b692c]
V  [jvm.dll+0x1e0029]
V  [jvm.dll+0x247c42]
V  [jvm.dll+0x2470cf]
V  [jvm.dll+0x1c760e]
V  [jvm.dll+0x25695a]
V  [jvm.dll+0x254efa]
V  [jvm.dll+0x3f03f6]
V  [jvm.dll+0x851f6b]
V  [jvm.dll+0x6cc7dd]
C  [ucrtbase.dll+0x29333]
C  [KERNEL32.DLL+0x1259d]
C  [ntdll.dll+0x5af78]


---------------  P R O C E S S  ---------------

Threads class SMR info:
_java_thread_list=0x00000255d0c61080, length=45, elements={
0x00000255f1f4e9f0, 0x00000255f1e3b9a0, 0x00000255f1e3d1a0, 0x00000255f1e414a0,
0x00000255f1e42f30, 0x00000255f1e45f60, 0x00000255f1e44520, 0x00000255f1e56830,
0x00000255f1e59140, 0x00000255f1e458d0, 0x00000255f1e44bb0, 0x00000255f1e465f0,
0x00000255f1e46c80, 0x00000255f1e47310, 0x00000255f1e479a0, 0x00000255d05ce730,
0x00000255d05cedc0, 0x00000255d05ca590, 0x00000255d05cb2b0, 0x00000255d05c9f00,
0x00000255d05cac20, 0x00000255d05cc660, 0x00000255d05cccf0, 0x00000255d05cf450,
0x00000255d05cfae0, 0x00000255d05d0e90, 0x00000255d05cd380, 0x00000255d05cda10,
0x00000255d05d0170, 0x00000255d05ce0a0, 0x00000255d05d0800, 0x00000255d05d1520,
0x00000255d2f618e0, 0x00000255d2f61f70, 0x00000255d2f62600, 0x00000255d2f639b0,
0x00000255d2f5eaf0, 0x00000255d2f5f180, 0x00000255d2f5f810, 0x00000255d2f5fea0,
0x00000255d2f646d0, 0x00000255d2f653f0, 0x00000255ff26a910, 0x00000255ff270b80,
0x00000255ff26c9e0
}

Java Threads: ( => current thread )
  0x00000255f1f4e9f0 JavaThread "main"                              [_thread_blocked, id=12328, stack(0x000000b589100000,0x000000b589200000) (1024K)]
  0x00000255f1e3b9a0 JavaThread "Reference Handler"          daemon [_thread_blocked, id=1696, stack(0x000000b589500000,0x000000b589600000) (1024K)]
  0x00000255f1e3d1a0 JavaThread "Finalizer"                  daemon [_thread_blocked, id=11432, stack(0x000000b589600000,0x000000b589700000) (1024K)]
  0x00000255f1e414a0 JavaThread "Signal Dispatcher"          daemon [_thread_blocked, id=8312, stack(0x000000b589700000,0x000000b589800000) (1024K)]
  0x00000255f1e42f30 JavaThread "Attach Listener"            daemon [_thread_blocked, id=15628, stack(0x000000b589800000,0x000000b589900000) (1024K)]
  0x00000255f1e45f60 JavaThread "Service Thread"             daemon [_thread_blocked, id=10792, stack(0x000000b589900000,0x000000b589a00000) (1024K)]
  0x00000255f1e44520 JavaThread "Monitor Deflation Thread"   daemon [_thread_blocked, id=13916, stack(0x000000b589a00000,0x000000b589b00000) (1024K)]
=>0x00000255f1e56830 JavaThread "C2 CompilerThread0"         daemon [_thread_in_native, id=5724, stack(0x000000b589b00000,0x000000b589c00000) (1024K)]
  0x00000255f1e59140 JavaThread "C1 CompilerThread0"         daemon [_thread_blocked, id=17696, stack(0x000000b589c00000,0x000000b589d00000) (1024K)]
  0x00000255f1e458d0 JavaThread "Common-Cleaner"             daemon [_thread_blocked, id=14500, stack(0x000000b589d00000,0x000000b589e00000) (1024K)]
  0x00000255f1e44bb0 JavaThread "Notification Thread"        daemon [_thread_blocked, id=4256, stack(0x000000b589f00000,0x000000b58a000000) (1024K)]
  0x00000255f1e465f0 JavaThread "Active Thread: Equinox Container: 79fe65fe-ad43-455a-a87c-c8ab9dda74dc"        [_thread_blocked, id=5744, stack(0x000000b58a300000,0x000000b58a400000) (1024K)]
  0x00000255f1e46c80 JavaThread "Refresh Thread: Equinox Container: 79fe65fe-ad43-455a-a87c-c8ab9dda74dc" daemon [_thread_blocked, id=212, stack(0x000000b58a400000,0x000000b58a500000) (1024K)]
  0x00000255f1e47310 JavaThread "Framework Event Dispatcher: Equinox Container: 79fe65fe-ad43-455a-a87c-c8ab9dda74dc" daemon [_thread_blocked, id=13808, stack(0x000000b58a500000,0x000000b58a600000) (1024K)]
  0x00000255f1e479a0 JavaThread "Start Level: Equinox Container: 79fe65fe-ad43-455a-a87c-c8ab9dda74dc" daemon [_thread_blocked, id=15124, stack(0x000000b58a600000,0x000000b58a700000) (1024K)]
  0x00000255d05ce730 JavaThread "Bundle File Closer"         daemon [_thread_blocked, id=6544, stack(0x000000b58a700000,0x000000b58a800000) (1024K)]
  0x00000255d05cedc0 JavaThread "SCR Component Actor"        daemon [_thread_blocked, id=4512, stack(0x000000b58a800000,0x000000b58a900000) (1024K)]
  0x00000255d05ca590 JavaThread "Worker-JM"                         [_thread_blocked, id=18192, stack(0x000000b58aa00000,0x000000b58ab00000) (1024K)]
  0x00000255d05cb2b0 JavaThread "JNA Cleaner"                daemon [_thread_blocked, id=6496, stack(0x000000b58ab00000,0x000000b58ac00000) (1024K)]
  0x00000255d05c9f00 JavaThread "Worker-0"                          [_thread_blocked, id=12660, stack(0x000000b58ac00000,0x000000b58ad00000) (1024K)]
  0x00000255d05cac20 JavaThread "Worker-1: Initialize workspace"        [_thread_blocked, id=11600, stack(0x000000b58ad00000,0x000000b58ae00000) (1024K)]
  0x00000255d05cc660 JavaThread "Worker-2"                          [_thread_blocked, id=14360, stack(0x000000b58ae00000,0x000000b58af00000) (1024K)]
  0x00000255d05cccf0 JavaThread "Java indexing"              daemon [_thread_in_Java, id=2456, stack(0x000000b58af00000,0x000000b58b000000) (1024K)]
  0x00000255d05cf450 JavaThread "Worker-3"                          [_thread_blocked, id=5544, stack(0x000000b58b000000,0x000000b58b100000) (1024K)]
  0x00000255d05cfae0 JavaThread "Worker-4: Initialize Workspace"        [_thread_blocked, id=8748, stack(0x000000b58b300000,0x000000b58b400000) (1024K)]
  0x00000255d05d0e90 JavaThread "Worker-5: Java indexing... "        [_thread_blocked, id=2060, stack(0x000000b58b400000,0x000000b58b500000) (1024K)]
  0x00000255d05cd380 JavaThread "Worker-6"                          [_thread_blocked, id=11884, stack(0x000000b58b500000,0x000000b58b600000) (1024K)]
  0x00000255d05cda10 JavaThread "Thread-2"                   daemon [_thread_in_native, id=12116, stack(0x000000b58b600000,0x000000b58b700000) (1024K)]
  0x00000255d05d0170 JavaThread "Thread-3"                   daemon [_thread_in_native, id=12476, stack(0x000000b58b700000,0x000000b58b800000) (1024K)]
  0x00000255d05ce0a0 JavaThread "Thread-4"                   daemon [_thread_in_native, id=3324, stack(0x000000b58b800000,0x000000b58b900000) (1024K)]
  0x00000255d05d0800 JavaThread "Thread-5"                   daemon [_thread_in_native, id=18100, stack(0x000000b58b900000,0x000000b58ba00000) (1024K)]
  0x00000255d05d1520 JavaThread "Thread-6"                   daemon [_thread_in_native, id=12172, stack(0x000000b58ba00000,0x000000b58bb00000) (1024K)]
  0x00000255d2f618e0 JavaThread "pool-2-thread-1"                   [_thread_blocked, id=14424, stack(0x000000b58bb00000,0x000000b58bc00000) (1024K)]
  0x00000255d2f61f70 JavaThread "WorkspaceEventsHandler"            [_thread_blocked, id=12068, stack(0x000000b58bc00000,0x000000b58bd00000) (1024K)]
  0x00000255d2f62600 JavaThread "pool-1-thread-1"                   [_thread_blocked, id=13988, stack(0x000000b58bd00000,0x000000b58be00000) (1024K)]
  0x00000255d2f639b0 JavaThread "Worker-7"                          [_thread_blocked, id=6456, stack(0x000000b58be00000,0x000000b58bf00000) (1024K)]
  0x00000255d2f5eaf0 JavaThread "LocalFile Deleter"          daemon [_thread_blocked, id=7096, stack(0x000000b58bf00000,0x000000b58c000000) (1024K)]
  0x00000255d2f5f180 JavaThread "LocalFile Deleter"          daemon [_thread_blocked, id=13724, stack(0x000000b58c000000,0x000000b58c100000) (1024K)]
  0x00000255d2f5f810 JavaThread "LocalFile Deleter"          daemon [_thread_blocked, id=9212, stack(0x000000b58c100000,0x000000b58c200000) (1024K)]
  0x00000255d2f5fea0 JavaThread "LocalFile Deleter"          daemon [_thread_blocked, id=17404, stack(0x000000b58c200000,0x000000b58c300000) (1024K)]
  0x00000255d2f646d0 JavaThread "Compiler Source File Reader" daemon [_thread_blocked, id=9488, stack(0x000000b58c300000,0x000000b58c400000) (1024K)]
  0x00000255d2f653f0 JavaThread "Compiler Source File Reader" daemon [_thread_blocked, id=15052, stack(0x000000b58c400000,0x000000b58c500000) (1024K)]
  0x00000255ff26a910 JavaThread "Compiler Processing Task"   daemon [_thread_blocked, id=10940, stack(0x000000b58a900000,0x000000b58aa00000) (1024K)]
  0x00000255ff270b80 JavaThread "Compiler Class File Writer" daemon [_thread_blocked, id=12596, stack(0x000000b58c500000,0x000000b58c600000) (1024K)]
  0x00000255ff26c9e0 JavaThread "Compiler Class File Writer" daemon [_thread_blocked, id=4692, stack(0x000000b58c600000,0x000000b58c700000) (1024K)]
Total: 45

Other Threads:
  0x00000255f200e260 VMThread "VM Thread"                           [id=17268, stack(0x000000b589400000,0x000000b589500000) (1024K)]
  0x00000255f1fbd010 WatcherThread "VM Periodic Task Thread"        [id=2452, stack(0x000000b589300000,0x000000b589400000) (1024K)]
  0x00000255f1f6cb70 WorkerThread "GC Thread#0"                     [id=7760, stack(0x000000b589200000,0x000000b589300000) (1024K)]
  0x00000255ff213a70 WorkerThread "GC Thread#1"                     [id=9192, stack(0x000000b58a000000,0x000000b58a100000) (1024K)]
  0x00000255ff213e10 WorkerThread "GC Thread#2"                     [id=17444, stack(0x000000b58a100000,0x000000b58a200000) (1024K)]
  0x00000255fa797c20 WorkerThread "GC Thread#3"                     [id=17396, stack(0x000000b58a200000,0x000000b58a300000) (1024K)]
Total: 6

Threads with active compile tasks:
C2 CompilerThread0  27102 11921   !   4       org.eclipse.jdt.internal.core.search.indexing.BinaryIndexer::indexDocument (1168 bytes)
Total: 1

VM state: not at safepoint (normal execution)

VM Mutex/Monitor currently owned by a thread: None

Heap address: 0x0000000080000000, size: 2048 MB, Compressed Oops mode: 32-bit

CDS archive(s) mapped at: [0x000002558f000000-0x000002558fba0000-0x000002558fba0000), size 12189696, SharedBaseAddress: 0x000002558f000000, ArchiveRelocationMode: 1.
Compressed class space mapped at: 0x0000025590000000-0x00000255d0000000, reserved size: 1073741824
Narrow klass base: 0x000002558f000000, Narrow klass shift: 0, Narrow klass range: 0x100000000

GC Precious Log:
 CardTable entry size: 512
 CPUs: 4 total, 4 available
 Memory: 7979M
 Large Page Support: Disabled
 NUMA Support: Disabled
 Compressed Oops: Enabled (32-bit)
 Alignments: Space 512K, Generation 512K, Heap 2M
 Heap Min Capacity: 100M
 Heap Initial Capacity: 100M
 Heap Max Capacity: 2G
 Pre-touch: Disabled
 Parallel Workers: 4

Heap:
 PSYoungGen      total 6144K, used 5049K [0x00000000d5580000, 0x00000000d5d80000, 0x0000000100000000)
  eden space 4096K, 73% used [0x00000000d5580000,0x00000000d5871c58,0x00000000d5980000)
  from space 2048K, 99% used [0x00000000d5b80000,0x00000000d5d7cb00,0x00000000d5d80000)
  to   space 2048K, 0% used [0x00000000d5980000,0x00000000d5980000,0x00000000d5b80000)
 ParOldGen       total 660992K, used 660683K [0x0000000080000000, 0x00000000a8580000, 0x00000000d5580000)
  object space 660992K, 99% used [0x0000000080000000,0x00000000a8532d60,0x00000000a8580000)
 Metaspace       used 63745K, committed 65216K, reserved 1114112K
  class space    used 6505K, committed 7104K, reserved 1048576K

Card table byte_map: [0x00000255f18f0000,0x00000255f1d00000] _byte_map_base: 0x00000255f14f0000

Marking Bits: (ParMarkBitMap*) 0x00007ffe5b5d31f0
 Begin Bits: [0x00000255f53f0000, 0x00000255f73f0000)
 End Bits:   [0x00000255f73f0000, 0x00000255f93f0000)

Polling page: 0x00000255efda0000

Metaspace:

Usage:
  Non-class:     55.90 MB used.
      Class:      6.35 MB used.
       Both:     62.25 MB used.

Virtual space:
  Non-class space:       64.00 MB reserved,      56.75 MB ( 89%) committed,  1 nodes.
      Class space:        1.00 GB reserved,       6.94 MB ( <1%) committed,  1 nodes.
             Both:        1.06 GB reserved,      63.69 MB (  6%) committed. 

Chunk freelists:
   Non-Class:  6.98 MB
       Class:  9.08 MB
        Both:  16.06 MB

MaxMetaspaceSize: unlimited
CompressedClassSpaceSize: 1.00 GB
Initial GC threshold: 21.00 MB
Current GC threshold: 97.31 MB
CDS: on
 - commit_granule_bytes: 65536.
 - commit_granule_words: 8192.
 - virtual_space_node_default_size: 8388608.
 - enlarge_chunks_in_place: 1.
 - use_allocation_guard: 0.


Internal statistics:

num_allocs_failed_limit: 13.
num_arena_births: 1222.
num_arena_deaths: 14.
num_vsnodes_births: 2.
num_vsnodes_deaths: 0.
num_space_committed: 1019.
num_space_uncommitted: 0.
num_chunks_returned_to_freelist: 27.
num_chunks_taken_from_freelist: 4254.
num_chunk_merges: 17.
num_chunk_splits: 2639.
num_chunks_enlarged: 1500.
num_inconsistent_stats: 0.

CodeHeap 'non-profiled nmethods': size=120000Kb used=9002Kb max_used=9002Kb free=110997Kb
 bounds [0x0000025587ad0000, 0x00000255883a0000, 0x000002558f000000]
CodeHeap 'profiled nmethods': size=120000Kb used=25674Kb max_used=25674Kb free=94326Kb
 bounds [0x0000025580000000, 0x0000025581920000, 0x0000025587530000]
CodeHeap 'non-nmethods': size=5760Kb used=1436Kb max_used=1547Kb free=4323Kb
 bounds [0x0000025587530000, 0x00000255877a0000, 0x0000025587ad0000]
 total_blobs=11872 nmethods=11133 adapters=644
 compilation: enabled
              stopped_count=0, restarted_count=0
 full_count=0

Compilation events (20 events):
Event: 26.445 Thread 0x00000255f1e59140 nmethod 11919 0x00000255818ecf90 code [0x00000255818ed180, 0x00000255818ed4e0]
Event: 26.479 Thread 0x00000255f1e59140 11920       3       org.eclipse.jdt.internal.core.index.MemoryIndex::<init> (37 bytes)
Event: 26.479 Thread 0x00000255f1e59140 nmethod 11920 0x00000255818ed610 code [0x00000255818ed7e0, 0x00000255818edae8]
Event: 26.535 Thread 0x00000255f1e56830 11921   !   4       org.eclipse.jdt.internal.core.search.indexing.BinaryIndexer::indexDocument (1168 bytes)
Event: 26.695 Thread 0x00000255f1e59140 11922       3       org.eclipse.jdt.internal.core.index.MemoryIndex::hasChanged (14 bytes)
Event: 26.695 Thread 0x00000255f1e59140 nmethod 11922 0x00000255818edc10 code [0x00000255818eddc0, 0x00000255818edf38]
Event: 26.932 Thread 0x00000255f1e59140 11924   !   3       java.io.FilterOutputStream::close (133 bytes)
Event: 26.932 Thread 0x00000255f1e59140 nmethod 11924 0x00000255818ee010 code [0x00000255818ee240, 0x00000255818eea08]
Event: 26.967 Thread 0x00000255f1e59140 11925       3       java.util.LinkedList::unlink (91 bytes)
Event: 26.967 Thread 0x00000255f1e59140 nmethod 11925 0x00000255818eec90 code [0x00000255818eee40, 0x00000255818ef0b8]
Event: 27.024 Thread 0x00000255f1e59140 11926   !   3       org.eclipse.jdt.internal.core.search.indexing.AddJarFileToIndex::execute (1557 bytes)
Event: 27.051 Thread 0x00000255f1e59140 nmethod 11926 0x00000255818ef190 code [0x00000255818f0dc0, 0x0000025581901f78]
Event: 27.056 Thread 0x00000255f1e59140 11930       2       org.eclipse.jdt.internal.core.index.DiskIndex::readStreamChars (529 bytes)
Event: 27.056 Thread 0x00000255f1e59140 nmethod 11930 0x0000025581909990 code [0x0000025581909be0, 0x000002558190a620]
Event: 27.057 Thread 0x00000255f1e59140 11927  s    3       org.eclipse.jdt.internal.core.search.processing.JobManager::currentJob (35 bytes)
Event: 27.057 Thread 0x00000255f1e59140 nmethod 11927 0x000002558190ab90 code [0x000002558190ad80, 0x000002558190b2d0]
Event: 27.057 Thread 0x00000255f1e59140 11928  s    3       org.eclipse.jdt.internal.core.search.indexing.IndexManager::getIndexForUpdate (34 bytes)
Event: 27.057 Thread 0x00000255f1e59140 nmethod 11928 0x000002558190b410 code [0x000002558190b600, 0x000002558190b9c0]
Event: 27.060 Thread 0x00000255f1e59140 11936       3       org.eclipse.jdt.internal.core.index.DiskIndex::readChunk (266 bytes)
Event: 27.064 Thread 0x00000255f1e59140 nmethod 11936 0x000002558190bb10 code [0x000002558190c100, 0x000002558190f5e0]

GC Heap History (20 events):
Event: 26.797 GC heap before
{Heap before GC invocations=639 (full 3):
 PSYoungGen      total 6144K, used 5964K [0x00000000d5580000, 0x00000000d5c80000, 0x0000000100000000)
  eden space 5120K, 100% used [0x00000000d5580000,0x00000000d5a80000,0x00000000d5a80000)
  from space 1024K, 82% used [0x00000000d5a80000,0x00000000d5b53008,0x00000000d5b80000)
  to   space 1024K, 0% used [0x00000000d5b80000,0x00000000d5b80000,0x00000000d5c80000)
 ParOldGen       total 653312K, used 652968K [0x0000000080000000, 0x00000000a7e00000, 0x00000000d5580000)
  object space 653312K, 99% used [0x0000000080000000,0x00000000a7daa248,0x00000000a7e00000)
 Metaspace       used 63707K, committed 65152K, reserved 1114112K
  class space    used 6504K, committed 7104K, reserved 1048576K
}
Event: 26.799 GC heap after
{Heap after GC invocations=639 (full 3):
 PSYoungGen      total 6144K, used 736K [0x00000000d5580000, 0x00000000d5c80000, 0x0000000100000000)
  eden space 5120K, 0% used [0x00000000d5580000,0x00000000d5580000,0x00000000d5a80000)
  from space 1024K, 71% used [0x00000000d5b80000,0x00000000d5c38000,0x00000000d5c80000)
  to   space 1024K, 0% used [0x00000000d5a80000,0x00000000d5a80000,0x00000000d5b80000)
 ParOldGen       total 653824K, used 653764K [0x0000000080000000, 0x00000000a7e80000, 0x00000000d5580000)
  object space 653824K, 99% used [0x0000000080000000,0x00000000a7e71250,0x00000000a7e80000)
 Metaspace       used 63707K, committed 65152K, reserved 1114112K
  class space    used 6504K, committed 7104K, reserved 1048576K
}
Event: 26.812 GC heap before
{Heap before GC invocations=640 (full 3):
 PSYoungGen      total 6144K, used 5856K [0x00000000d5580000, 0x00000000d5c80000, 0x0000000100000000)
  eden space 5120K, 100% used [0x00000000d5580000,0x00000000d5a80000,0x00000000d5a80000)
  from space 1024K, 71% used [0x00000000d5b80000,0x00000000d5c38000,0x00000000d5c80000)
  to   space 1024K, 0% used [0x00000000d5a80000,0x00000000d5a80000,0x00000000d5b80000)
 ParOldGen       total 653824K, used 653764K [0x0000000080000000, 0x00000000a7e80000, 0x00000000d5580000)
  object space 653824K, 99% used [0x0000000080000000,0x00000000a7e71250,0x00000000a7e80000)
 Metaspace       used 63707K, committed 65152K, reserved 1114112K
  class space    used 6504K, committed 7104K, reserved 1048576K
}
Event: 26.816 GC heap after
{Heap after GC invocations=640 (full 3):
 PSYoungGen      total 6144K, used 768K [0x00000000d5580000, 0x00000000d5c80000, 0x0000000100000000)
  eden space 5120K, 0% used [0x00000000d5580000,0x00000000d5580000,0x00000000d5a80000)
  from space 1024K, 75% used [0x00000000d5a80000,0x00000000d5b40000,0x00000000d5b80000)
  to   space 1024K, 0% used [0x00000000d5b80000,0x00000000d5b80000,0x00000000d5c80000)
 ParOldGen       total 654848K, used 654444K [0x0000000080000000, 0x00000000a7f80000, 0x00000000d5580000)
  object space 654848K, 99% used [0x0000000080000000,0x00000000a7f1b250,0x00000000a7f80000)
 Metaspace       used 63707K, committed 65152K, reserved 1114112K
  class space    used 6504K, committed 7104K, reserved 1048576K
}
Event: 26.874 GC heap before
{Heap before GC invocations=641 (full 3):
 PSYoungGen      total 6144K, used 5888K [0x00000000d5580000, 0x00000000d5c80000, 0x0000000100000000)
  eden space 5120K, 100% used [0x00000000d5580000,0x00000000d5a80000,0x00000000d5a80000)
  from space 1024K, 75% used [0x00000000d5a80000,0x00000000d5b40000,0x00000000d5b80000)
  to   space 1024K, 0% used [0x00000000d5b80000,0x00000000d5b80000,0x00000000d5c80000)
 ParOldGen       total 654848K, used 654444K [0x0000000080000000, 0x00000000a7f80000, 0x00000000d5580000)
  object space 654848K, 99% used [0x0000000080000000,0x00000000a7f1b250,0x00000000a7f80000)
 Metaspace       used 63707K, committed 65152K, reserved 1114112K
  class space    used 6504K, committed 7104K, reserved 1048576K
}
Event: 26.876 GC heap after
{Heap after GC invocations=641 (full 3):
 PSYoungGen      total 6144K, used 384K [0x00000000d5580000, 0x00000000d5c80000, 0x0000000100000000)
  eden space 5120K, 0% used [0x00000000d5580000,0x00000000d5580000,0x00000000d5a80000)
  from space 1024K, 37% used [0x00000000d5b80000,0x00000000d5be0000,0x00000000d5c80000)
  to   space 1024K, 0% used [0x00000000d5a80000,0x00000000d5a80000,0x00000000d5b80000)
 ParOldGen       total 655360K, used 655164K [0x0000000080000000, 0x00000000a8000000, 0x00000000d5580000)
  object space 655360K, 99% used [0x0000000080000000,0x00000000a7fcf250,0x00000000a8000000)
 Metaspace       used 63707K, committed 65152K, reserved 1114112K
  class space    used 6504K, committed 7104K, reserved 1048576K
}
Event: 26.884 GC heap before
{Heap before GC invocations=642 (full 3):
 PSYoungGen      total 6144K, used 5504K [0x00000000d5580000, 0x00000000d5c80000, 0x0000000100000000)
  eden space 5120K, 100% used [0x00000000d5580000,0x00000000d5a80000,0x00000000d5a80000)
  from space 1024K, 37% used [0x00000000d5b80000,0x00000000d5be0000,0x00000000d5c80000)
  to   space 1024K, 0% used [0x00000000d5a80000,0x00000000d5a80000,0x00000000d5b80000)
 ParOldGen       total 655360K, used 655164K [0x0000000080000000, 0x00000000a8000000, 0x00000000d5580000)
  object space 655360K, 99% used [0x0000000080000000,0x00000000a7fcf250,0x00000000a8000000)
 Metaspace       used 63707K, committed 65152K, reserved 1114112K
  class space    used 6504K, committed 7104K, reserved 1048576K
}
Event: 26.886 GC heap after
{Heap after GC invocations=642 (full 3):
 PSYoungGen      total 6144K, used 539K [0x00000000d5580000, 0x00000000d5c80000, 0x0000000100000000)
  eden space 5120K, 0% used [0x00000000d5580000,0x00000000d5580000,0x00000000d5a80000)
  from space 1024K, 52% used [0x00000000d5a80000,0x00000000d5b06c08,0x00000000d5b80000)
  to   space 1024K, 0% used [0x00000000d5b80000,0x00000000d5b80000,0x00000000d5c80000)
 ParOldGen       total 655872K, used 655508K [0x0000000080000000, 0x00000000a8080000, 0x00000000d5580000)
  object space 655872K, 99% used [0x0000000080000000,0x00000000a80252a0,0x00000000a8080000)
 Metaspace       used 63707K, committed 65152K, reserved 1114112K
  class space    used 6504K, committed 7104K, reserved 1048576K
}
Event: 26.945 GC heap before
{Heap before GC invocations=643 (full 3):
 PSYoungGen      total 6144K, used 5647K [0x00000000d5580000, 0x00000000d5c80000, 0x0000000100000000)
  eden space 5120K, 99% used [0x00000000d5580000,0x00000000d5a7d1c0,0x00000000d5a80000)
  from space 1024K, 52% used [0x00000000d5a80000,0x00000000d5b06c08,0x00000000d5b80000)
  to   space 1024K, 0% used [0x00000000d5b80000,0x00000000d5b80000,0x00000000d5c80000)
 ParOldGen       total 655872K, used 655508K [0x0000000080000000, 0x00000000a8080000, 0x00000000d5580000)
  object space 655872K, 99% used [0x0000000080000000,0x00000000a80252a0,0x00000000a8080000)
 Metaspace       used 63707K, committed 65152K, reserved 1114112K
  class space    used 6504K, committed 7104K, reserved 1048576K
}
Event: 26.946 GC heap after
{Heap after GC invocations=643 (full 3):
 PSYoungGen      total 6144K, used 731K [0x00000000d5580000, 0x00000000d5c80000, 0x0000000100000000)
  eden space 5120K, 0% used [0x00000000d5580000,0x00000000d5580000,0x00000000d5a80000)
  from space 1024K, 71% used [0x00000000d5b80000,0x00000000d5c36c08,0x00000000d5c80000)
  to   space 1024K, 0% used [0x00000000d5a80000,0x00000000d5a80000,0x00000000d5b80000)
 ParOldGen       total 656384K, used 655999K [0x0000000080000000, 0x00000000a8100000, 0x00000000d5580000)
  object space 656384K, 99% used [0x0000000080000000,0x00000000a809fea8,0x00000000a8100000)
 Metaspace       used 63707K, committed 65152K, reserved 1114112K
  class space    used 6504K, committed 7104K, reserved 1048576K
}
Event: 26.977 GC heap before
{Heap before GC invocations=644 (full 3):
 PSYoungGen      total 6144K, used 5851K [0x00000000d5580000, 0x00000000d5c80000, 0x0000000100000000)
  eden space 5120K, 100% used [0x00000000d5580000,0x00000000d5a80000,0x00000000d5a80000)
  from space 1024K, 71% used [0x00000000d5b80000,0x00000000d5c36c08,0x00000000d5c80000)
  to   space 1024K, 0% used [0x00000000d5a80000,0x00000000d5a80000,0x00000000d5b80000)
 ParOldGen       total 656384K, used 655999K [0x0000000080000000, 0x00000000a8100000, 0x00000000d5580000)
  object space 656384K, 99% used [0x0000000080000000,0x00000000a809fea8,0x00000000a8100000)
 Metaspace       used 63708K, committed 65152K, reserved 1114112K
  class space    used 6504K, committed 7104K, reserved 1048576K
}
Event: 26.978 GC heap after
{Heap after GC invocations=644 (full 3):
 PSYoungGen      total 6144K, used 580K [0x00000000d5580000, 0x00000000d5c80000, 0x0000000100000000)
  eden space 5120K, 0% used [0x00000000d5580000,0x00000000d5580000,0x00000000d5a80000)
  from space 1024K, 56% used [0x00000000d5a80000,0x00000000d5b11090,0x00000000d5b80000)
  to   space 1024K, 0% used [0x00000000d5b80000,0x00000000d5b80000,0x00000000d5c80000)
 ParOldGen       total 656384K, used 656119K [0x0000000080000000, 0x00000000a8100000, 0x00000000d5580000)
  object space 656384K, 99% used [0x0000000080000000,0x00000000a80bdea8,0x00000000a8100000)
 Metaspace       used 63708K, committed 65152K, reserved 1114112K
  class space    used 6504K, committed 7104K, reserved 1048576K
}
Event: 26.986 GC heap before
{Heap before GC invocations=645 (full 3):
 PSYoungGen      total 6144K, used 5700K [0x00000000d5580000, 0x00000000d5c80000, 0x0000000100000000)
  eden space 5120K, 100% used [0x00000000d5580000,0x00000000d5a80000,0x00000000d5a80000)
  from space 1024K, 56% used [0x00000000d5a80000,0x00000000d5b11090,0x00000000d5b80000)
  to   space 1024K, 0% used [0x00000000d5b80000,0x00000000d5b80000,0x00000000d5c80000)
 ParOldGen       total 656384K, used 656119K [0x0000000080000000, 0x00000000a8100000, 0x00000000d5580000)
  object space 656384K, 99% used [0x0000000080000000,0x00000000a80bdea8,0x00000000a8100000)
 Metaspace       used 63708K, committed 65152K, reserved 1114112K
  class space    used 6504K, committed 7104K, reserved 1048576K
}
Event: 26.988 GC heap after
{Heap after GC invocations=645 (full 3):
 PSYoungGen      total 6144K, used 672K [0x00000000d5580000, 0x00000000d5c80000, 0x0000000100000000)
  eden space 5120K, 0% used [0x00000000d5580000,0x00000000d5580000,0x00000000d5a80000)
  from space 1024K, 65% used [0x00000000d5b80000,0x00000000d5c28000,0x00000000d5c80000)
  to   space 1024K, 0% used [0x00000000d5a80000,0x00000000d5a80000,0x00000000d5b80000)
 ParOldGen       total 656896K, used 656611K [0x0000000080000000, 0x00000000a8180000, 0x00000000d5580000)
  object space 656896K, 99% used [0x0000000080000000,0x00000000a8138f38,0x00000000a8180000)
 Metaspace       used 63708K, committed 65152K, reserved 1114112K
  class space    used 6504K, committed 7104K, reserved 1048576K
}
Event: 26.996 GC heap before
{Heap before GC invocations=646 (full 3):
 PSYoungGen      total 6144K, used 5791K [0x00000000d5580000, 0x00000000d5c80000, 0x0000000100000000)
  eden space 5120K, 99% used [0x00000000d5580000,0x00000000d5a7ffb0,0x00000000d5a80000)
  from space 1024K, 65% used [0x00000000d5b80000,0x00000000d5c28000,0x00000000d5c80000)
  to   space 1024K, 0% used [0x00000000d5a80000,0x00000000d5a80000,0x00000000d5b80000)
 ParOldGen       total 656896K, used 656611K [0x0000000080000000, 0x00000000a8180000, 0x00000000d5580000)
  object space 656896K, 99% used [0x0000000080000000,0x00000000a8138f38,0x00000000a8180000)
 Metaspace       used 63708K, committed 65152K, reserved 1114112K
  class space    used 6504K, committed 7104K, reserved 1048576K
}
Event: 26.998 GC heap after
{Heap after GC invocations=646 (full 3):
 PSYoungGen      total 6144K, used 726K [0x00000000d5580000, 0x00000000d5c80000, 0x0000000100000000)
  eden space 5120K, 0% used [0x00000000d5580000,0x00000000d5580000,0x00000000d5a80000)
  from space 1024K, 70% used [0x00000000d5a80000,0x00000000d5b35808,0x00000000d5b80000)
  to   space 1024K, 0% used [0x00000000d5b80000,0x00000000d5b80000,0x00000000d5c80000)
 ParOldGen       total 657408K, used 657163K [0x0000000080000000, 0x00000000a8200000, 0x00000000d5580000)
  object space 657408K, 99% used [0x0000000080000000,0x00000000a81c2f38,0x00000000a8200000)
 Metaspace       used 63708K, committed 65152K, reserved 1114112K
  class space    used 6504K, committed 7104K, reserved 1048576K
}
Event: 27.051 GC heap before
{Heap before GC invocations=647 (full 3):
 PSYoungGen      total 6144K, used 5846K [0x00000000d5580000, 0x00000000d5c80000, 0x0000000100000000)
  eden space 5120K, 100% used [0x00000000d5580000,0x00000000d5a80000,0x00000000d5a80000)
  from space 1024K, 70% used [0x00000000d5a80000,0x00000000d5b35808,0x00000000d5b80000)
  to   space 1024K, 0% used [0x00000000d5b80000,0x00000000d5b80000,0x00000000d5c80000)
 ParOldGen       total 657408K, used 657163K [0x0000000080000000, 0x00000000a8200000, 0x00000000d5580000)
  object space 657408K, 99% used [0x0000000080000000,0x00000000a81c2f38,0x00000000a8200000)
 Metaspace       used 63739K, committed 65152K, reserved 1114112K
  class space    used 6504K, committed 7104K, reserved 1048576K
}
Event: 27.055 GC heap after
{Heap after GC invocations=647 (full 3):
 PSYoungGen      total 5120K, used 998K [0x00000000d5580000, 0x00000000d5e80000, 0x0000000100000000)
  eden space 4096K, 0% used [0x00000000d5580000,0x00000000d5580000,0x00000000d5980000)
  from space 1024K, 97% used [0x00000000d5b80000,0x00000000d5c79990,0x00000000d5c80000)
  to   space 2048K, 0% used [0x00000000d5980000,0x00000000d5980000,0x00000000d5b80000)
 ParOldGen       total 658432K, used 658001K [0x0000000080000000, 0x00000000a8300000, 0x00000000d5580000)
  object space 658432K, 99% used [0x0000000080000000,0x00000000a8294740,0x00000000a8300000)
 Metaspace       used 63739K, committed 65152K, reserved 1114112K
  class space    used 6504K, committed 7104K, reserved 1048576K
}
Event: 27.067 GC heap before
{Heap before GC invocations=648 (full 3):
 PSYoungGen      total 5120K, used 5094K [0x00000000d5580000, 0x00000000d5e80000, 0x0000000100000000)
  eden space 4096K, 100% used [0x00000000d5580000,0x00000000d5980000,0x00000000d5980000)
  from space 1024K, 97% used [0x00000000d5b80000,0x00000000d5c79990,0x00000000d5c80000)
  to   space 2048K, 0% used [0x00000000d5980000,0x00000000d5980000,0x00000000d5b80000)
 ParOldGen       total 658432K, used 658001K [0x0000000080000000, 0x00000000a8300000, 0x00000000d5580000)
  object space 658432K, 99% used [0x0000000080000000,0x00000000a8294740,0x00000000a8300000)
 Metaspace       used 63741K, committed 65152K, reserved 1114112K
  class space    used 6504K, committed 7104K, reserved 1048576K
}
Event: 27.070 GC heap after
{Heap after GC invocations=648 (full 3):
 PSYoungGen      total 6144K, used 1408K [0x00000000d5580000, 0x00000000d5d80000, 0x0000000100000000)
  eden space 4096K, 0% used [0x00000000d5580000,0x00000000d5580000,0x00000000d5980000)
  from space 2048K, 68% used [0x00000000d5980000,0x00000000d5ae0000,0x00000000d5b80000)
  to   space 2048K, 0% used [0x00000000d5b80000,0x00000000d5b80000,0x00000000d5d80000)
 ParOldGen       total 659456K, used 658995K [0x0000000080000000, 0x00000000a8400000, 0x00000000d5580000)
  object space 659456K, 99% used [0x0000000080000000,0x00000000a838cd60,0x00000000a8400000)
 Metaspace       used 63741K, committed 65152K, reserved 1114112K
  class space    used 6504K, committed 7104K, reserved 1048576K
}

Dll operation events (10 events):
Event: 0.014 Loaded shared library c:\Users\Lenovo\.vscode\extensions\redhat.java-1.43.1-win32-x64\jre\21.0.7-win32-x86_64\bin\java.dll
Event: 0.079 Loaded shared library c:\Users\Lenovo\.vscode\extensions\redhat.java-1.43.1-win32-x64\jre\21.0.7-win32-x86_64\bin\zip.dll
Event: 0.101 Loaded shared library C:\Users\Lenovo\.vscode\extensions\redhat.java-1.43.1-win32-x64\jre\21.0.7-win32-x86_64\bin\instrument.dll
Event: 0.105 Loaded shared library C:\Users\Lenovo\.vscode\extensions\redhat.java-1.43.1-win32-x64\jre\21.0.7-win32-x86_64\bin\net.dll
Event: 0.107 Loaded shared library C:\Users\Lenovo\.vscode\extensions\redhat.java-1.43.1-win32-x64\jre\21.0.7-win32-x86_64\bin\nio.dll
Event: 0.111 Loaded shared library C:\Users\Lenovo\.vscode\extensions\redhat.java-1.43.1-win32-x64\jre\21.0.7-win32-x86_64\bin\zip.dll
Event: 0.124 Loaded shared library C:\Users\Lenovo\.vscode\extensions\redhat.java-1.43.1-win32-x64\jre\21.0.7-win32-x86_64\bin\jimage.dll
Event: 0.184 Loaded shared library c:\Users\Lenovo\.vscode\extensions\redhat.java-1.43.1-win32-x64\jre\21.0.7-win32-x86_64\bin\verify.dll
Event: 1.298 Loaded shared library C:\Users\Lenovo\AppData\Roaming\Code\User\globalStorage\redhat.java\1.43.1\config_win\org.eclipse.equinox.launcher\org.eclipse.equinox.launcher.win32.win32.x86_64_1.2.1300.v20250331-1702\eclipse_11911.dll
Event: 2.552 Loaded shared library C:\Users\Lenovo\AppData\Local\Temp\jna--2022488749\jna16189768865222875770.dll

Deoptimization events (20 events):
Event: 24.764 Thread 0x00000255d05cccf0 Uncommon trap: trap_request=0xffffff45 fr.pc=0x000002558800c090 relative=0x0000000000000230
Event: 24.764 Thread 0x00000255d05cccf0 Uncommon trap: reason=unstable_if action=reinterpret pc=0x000002558800c090 method=org.eclipse.jdt.internal.compiler.parser.Scanner.scanIdentifierOrKeywordWithBoundCheck()Lorg/eclipse/jdt/internal/compiler/parser/TerminalToken; @ 146 c2
Event: 24.764 Thread 0x00000255d05cccf0 DEOPT PACKING pc=0x000002558800c090 sp=0x000000b58afff3c0
Event: 24.764 Thread 0x00000255d05cccf0 DEOPT UNPACKING pc=0x0000025587586da2 sp=0x000000b58afff348 mode 2
Event: 26.029 Thread 0x00000255d05cccf0 Uncommon trap: trap_request=0xffffff45 fr.pc=0x00000255883424b0 relative=0x00000000000058b0
Event: 26.029 Thread 0x00000255d05cccf0 Uncommon trap: reason=unstable_if action=reinterpret pc=0x00000255883424b0 method=org.eclipse.jdt.internal.compiler.classfmt.ClassFileReader.getMemberTypes()[Lorg/eclipse/jdt/internal/compiler/env/IBinaryNestedType; @ 83 c2
Event: 26.029 Thread 0x00000255d05cccf0 DEOPT PACKING pc=0x00000255883424b0 sp=0x000000b58afff380
Event: 26.029 Thread 0x00000255d05cccf0 DEOPT UNPACKING pc=0x0000025587586da2 sp=0x000000b58afff1f0 mode 2
Event: 26.029 Thread 0x00000255d05cccf0 Uncommon trap: trap_request=0xffffff45 fr.pc=0x00000255883258a4 relative=0x0000000000000784
Event: 26.029 Thread 0x00000255d05cccf0 Uncommon trap: reason=unstable_if action=reinterpret pc=0x00000255883258a4 method=org.eclipse.jdt.internal.compiler.classfmt.ClassFileReader.getMemberTypes()[Lorg/eclipse/jdt/internal/compiler/env/IBinaryNestedType; @ 83 c2
Event: 26.029 Thread 0x00000255d05cccf0 DEOPT PACKING pc=0x00000255883258a4 sp=0x000000b58afff2c0
Event: 26.030 Thread 0x00000255d05cccf0 DEOPT UNPACKING pc=0x0000025587586da2 sp=0x000000b58afff1e0 mode 2
Event: 26.030 Thread 0x00000255d05cccf0 Uncommon trap: trap_request=0xffffff45 fr.pc=0x000002558816b774 relative=0x0000000000000414
Event: 26.030 Thread 0x00000255d05cccf0 Uncommon trap: reason=unstable_if action=reinterpret pc=0x000002558816b774 method=org.eclipse.jdt.internal.compiler.classfmt.ClassFileReader.getMemberTypes()[Lorg/eclipse/jdt/internal/compiler/env/IBinaryNestedType; @ 83 c2
Event: 26.030 Thread 0x00000255d05cccf0 DEOPT PACKING pc=0x000002558816b774 sp=0x000000b58afff240
Event: 26.030 Thread 0x00000255d05cccf0 DEOPT UNPACKING pc=0x0000025587586da2 sp=0x000000b58afff1e8 mode 2
Event: 26.092 Thread 0x00000255d05cccf0 Uncommon trap: trap_request=0xffffff45 fr.pc=0x0000025587c6ea64 relative=0x0000000000000aa4
Event: 26.092 Thread 0x00000255d05cccf0 Uncommon trap: reason=unstable_if action=reinterpret pc=0x0000025587c6ea64 method=org.eclipse.jdt.internal.compiler.parser.Scanner.getNextToken0()Lorg/eclipse/jdt/internal/compiler/parser/TerminalToken; @ 1225 c2
Event: 26.092 Thread 0x00000255d05cccf0 DEOPT PACKING pc=0x0000025587c6ea64 sp=0x000000b58afff300
Event: 26.092 Thread 0x00000255d05cccf0 DEOPT UNPACKING pc=0x0000025587586da2 sp=0x000000b58afff240 mode 2

Classes loaded (20 events):
Event: 13.082 Loading class java/util/concurrent/CompletionException
Event: 13.082 Loading class java/util/concurrent/CompletionException done
Event: 13.087 Loading class java/nio/file/FileTreeWalker$1
Event: 13.087 Loading class java/nio/file/FileTreeWalker$1 done
Event: 13.092 Loading class sun/nio/fs/Globs
Event: 13.092 Loading class sun/nio/fs/Globs done
Event: 13.092 Loading class java/util/regex/Pattern$SliceU
Event: 13.092 Loading class java/util/regex/Pattern$SliceU done
Event: 13.092 Loading class sun/nio/fs/WindowsFileSystem$2
Event: 13.092 Loading class java/nio/file/PathMatcher
Event: 13.092 Loading class java/nio/file/PathMatcher done
Event: 13.092 Loading class sun/nio/fs/WindowsFileSystem$2 done
Event: 13.689 Loading class java/util/Collections$SynchronizedRandomAccessList
Event: 13.689 Loading class java/util/Collections$SynchronizedList
Event: 13.689 Loading class java/util/Collections$SynchronizedList done
Event: 13.689 Loading class java/util/Collections$SynchronizedRandomAccessList done
Event: 13.693 Loading class java/util/concurrent/CompletableFuture$Signaller
Event: 13.694 Loading class java/util/concurrent/CompletableFuture$Signaller done
Event: 17.899 Loading class sun/nio/fs/WindowsFileCopy
Event: 17.899 Loading class sun/nio/fs/WindowsFileCopy done

Classes unloaded (7 events):
Event: 3.062 Thread 0x00000255f200e260 Unloading class 0x00000255901a1000 'java/lang/invoke/LambdaForm$MH+0x00000255901a1000'
Event: 3.062 Thread 0x00000255f200e260 Unloading class 0x00000255901a0c00 'java/lang/invoke/LambdaForm$MH+0x00000255901a0c00'
Event: 3.062 Thread 0x00000255f200e260 Unloading class 0x00000255901a0800 'java/lang/invoke/LambdaForm$MH+0x00000255901a0800'
Event: 3.062 Thread 0x00000255f200e260 Unloading class 0x00000255901a0400 'java/lang/invoke/LambdaForm$MH+0x00000255901a0400'
Event: 3.062 Thread 0x00000255f200e260 Unloading class 0x00000255901a0000 'java/lang/invoke/LambdaForm$BMH+0x00000255901a0000'
Event: 3.062 Thread 0x00000255f200e260 Unloading class 0x000002559019fc00 'java/lang/invoke/LambdaForm$DMH+0x000002559019fc00'
Event: 3.062 Thread 0x00000255f200e260 Unloading class 0x000002559019e800 'java/lang/invoke/LambdaForm$DMH+0x000002559019e800'

Classes redefined (0 events):
No events

Internal exceptions (20 events):
Event: 25.944 Thread 0x00000255d05cccf0 Exception <a 'sun/nio/fs/WindowsException'{0x00000000d56b9c28}> (0x00000000d56b9c28) 
thrown [s\src\hotspot\share\prims\jni.cpp, line 520]
Event: 25.965 Thread 0x00000255d05cccf0 Exception <a 'sun/nio/fs/WindowsException'{0x00000000d571db80}> (0x00000000d571db80) 
thrown [s\src\hotspot\share\prims\jni.cpp, line 520]
Event: 25.993 Thread 0x00000255d05cccf0 Exception <a 'sun/nio/fs/WindowsException'{0x00000000d580ebd0}> (0x00000000d580ebd0) 
thrown [s\src\hotspot\share\prims\jni.cpp, line 520]
Event: 26.005 Thread 0x00000255d05cccf0 Exception <a 'sun/nio/fs/WindowsException'{0x00000000d58339b8}> (0x00000000d58339b8) 
thrown [s\src\hotspot\share\prims\jni.cpp, line 520]
Event: 26.129 Thread 0x00000255d05cccf0 Exception <a 'sun/nio/fs/WindowsException'{0x00000000d58567d8}> (0x00000000d58567d8) 
thrown [s\src\hotspot\share\prims\jni.cpp, line 520]
Event: 26.203 Thread 0x00000255d05cccf0 Exception <a 'sun/nio/fs/WindowsException'{0x00000000d56f4370}> (0x00000000d56f4370) 
thrown [s\src\hotspot\share\prims\jni.cpp, line 520]
Event: 26.256 Thread 0x00000255d05cccf0 Exception <a 'sun/nio/fs/WindowsException'{0x00000000d58c19d0}> (0x00000000d58c19d0) 
thrown [s\src\hotspot\share\prims\jni.cpp, line 520]
Event: 26.364 Thread 0x00000255d05cccf0 Exception <a 'sun/nio/fs/WindowsException'{0x00000000d55eea78}> (0x00000000d55eea78) 
thrown [s\src\hotspot\share\prims\jni.cpp, line 520]
Event: 26.398 Thread 0x00000255d05cccf0 Exception <a 'sun/nio/fs/WindowsException'{0x00000000d5683420}> (0x00000000d5683420) 
thrown [s\src\hotspot\share\prims\jni.cpp, line 520]
Event: 26.419 Thread 0x00000255d05cccf0 Exception <a 'sun/nio/fs/WindowsException'{0x00000000d5836e68}> (0x00000000d5836e68) 
thrown [s\src\hotspot\share\prims\jni.cpp, line 520]
Event: 26.441 Thread 0x00000255d05cccf0 Exception <a 'sun/nio/fs/WindowsException'{0x00000000d558b3c0}> (0x00000000d558b3c0) 
thrown [s\src\hotspot\share\prims\jni.cpp, line 520]
Event: 26.460 Thread 0x00000255d05cccf0 Exception <a 'sun/nio/fs/WindowsException'{0x00000000d56ab5e8}> (0x00000000d56ab5e8) 
thrown [s\src\hotspot\share\prims\jni.cpp, line 520]
Event: 26.477 Thread 0x00000255d05cccf0 Exception <a 'sun/nio/fs/WindowsException'{0x00000000d57456c0}> (0x00000000d57456c0) 
thrown [s\src\hotspot\share\prims\jni.cpp, line 520]
Event: 26.693 Thread 0x00000255d05cccf0 Exception <a 'sun/nio/fs/WindowsException'{0x00000000d58b2278}> (0x00000000d58b2278) 
thrown [s\src\hotspot\share\prims\jni.cpp, line 520]
Event: 26.716 Thread 0x00000255d05cccf0 Exception <a 'sun/nio/fs/WindowsException'{0x00000000d597cf78}> (0x00000000d597cf78) 
thrown [s\src\hotspot\share\prims\jni.cpp, line 520]
Event: 26.866 Thread 0x00000255d05cccf0 Exception <a 'sun/nio/fs/WindowsException'{0x00000000d5924390}> (0x00000000d5924390) 
thrown [s\src\hotspot\share\prims\jni.cpp, line 520]
Event: 26.916 Thread 0x00000255d05cccf0 Exception <a 'sun/nio/fs/WindowsException'{0x00000000d560d628}> (0x00000000d560d628) 
thrown [s\src\hotspot\share\prims\jni.cpp, line 520]
Event: 26.930 Thread 0x00000255d05cccf0 Exception <a 'sun/nio/fs/WindowsException'{0x00000000d561d708}> (0x00000000d561d708) 
thrown [s\src\hotspot\share\prims\jni.cpp, line 520]
Event: 26.965 Thread 0x00000255d05cccf0 Exception <a 'sun/nio/fs/WindowsException'{0x00000000d56edeb8}> (0x00000000d56edeb8) 
thrown [s\src\hotspot\share\prims\jni.cpp, line 520]
Event: 27.023 Thread 0x00000255d05cccf0 Exception <a 'sun/nio/fs/WindowsException'{0x00000000d57eb9f0}> (0x00000000d57eb9f0) 
thrown [s\src\hotspot\share\prims\jni.cpp, line 520]

ZGC Phase Switch (0 events):
No events

VM Operations (20 events):
Event: 26.797 Executing VM operation: ParallelGCFailedAllocation (Allocation Failure)
Event: 26.800 Executing VM operation: ParallelGCFailedAllocation (Allocation Failure) done
Event: 26.812 Executing VM operation: ParallelGCFailedAllocation (Allocation Failure)
Event: 26.816 Executing VM operation: ParallelGCFailedAllocation (Allocation Failure) done
Event: 26.874 Executing VM operation: ParallelGCFailedAllocation (Allocation Failure)
Event: 26.876 Executing VM operation: ParallelGCFailedAllocation (Allocation Failure) done
Event: 26.883 Executing VM operation: ParallelGCFailedAllocation (Allocation Failure)
Event: 26.886 Executing VM operation: ParallelGCFailedAllocation (Allocation Failure) done
Event: 26.944 Executing VM operation: ParallelGCFailedAllocation (Allocation Failure)
Event: 26.946 Executing VM operation: ParallelGCFailedAllocation (Allocation Failure) done
Event: 26.976 Executing VM operation: ParallelGCFailedAllocation (Allocation Failure)
Event: 26.978 Executing VM operation: ParallelGCFailedAllocation (Allocation Failure) done
Event: 26.986 Executing VM operation: ParallelGCFailedAllocation (Allocation Failure)
Event: 26.988 Executing VM operation: ParallelGCFailedAllocation (Allocation Failure) done
Event: 26.996 Executing VM operation: ParallelGCFailedAllocation (Allocation Failure)
Event: 26.998 Executing VM operation: ParallelGCFailedAllocation (Allocation Failure) done
Event: 27.051 Executing VM operation: ParallelGCFailedAllocation (Allocation Failure)
Event: 27.055 Executing VM operation: ParallelGCFailedAllocation (Allocation Failure) done
Event: 27.067 Executing VM operation: ParallelGCFailedAllocation (Allocation Failure)
Event: 27.070 Executing VM operation: ParallelGCFailedAllocation (Allocation Failure) done

Memory protections (0 events):
No events

Nmethod flushes (20 events):
Event: 9.598 Thread 0x00000255f200e260 flushing osr nmethod 0x0000025580905b90
Event: 9.598 Thread 0x00000255f200e260 flushing  nmethod 0x0000025580907910
Event: 9.598 Thread 0x00000255f200e260 flushing  nmethod 0x000002558090a910
Event: 9.598 Thread 0x00000255f200e260 flushing  nmethod 0x0000025580912e90
Event: 9.598 Thread 0x00000255f200e260 flushing  nmethod 0x0000025580921210
Event: 9.598 Thread 0x00000255f200e260 flushing  nmethod 0x0000025580922b90
Event: 9.598 Thread 0x00000255f200e260 flushing  nmethod 0x0000025580934910
Event: 9.598 Thread 0x00000255f200e260 flushing  nmethod 0x000002558098eb10
Event: 9.598 Thread 0x00000255f200e260 flushing  nmethod 0x00000255809b7b10
Event: 9.598 Thread 0x00000255f200e260 flushing  nmethod 0x00000255809b9390
Event: 9.598 Thread 0x00000255f200e260 flushing  nmethod 0x00000255809b9990
Event: 9.598 Thread 0x00000255f200e260 flushing  nmethod 0x00000255809ba810
Event: 9.598 Thread 0x00000255f200e260 flushing  nmethod 0x00000255809bbd10
Event: 9.598 Thread 0x00000255f200e260 flushing  nmethod 0x00000255809cef10
Event: 9.598 Thread 0x00000255f200e260 flushing  nmethod 0x00000255809d5510
Event: 9.598 Thread 0x00000255f200e260 flushing  nmethod 0x00000255809e1190
Event: 9.598 Thread 0x00000255f200e260 flushing  nmethod 0x00000255809e9190
Event: 9.598 Thread 0x00000255f200e260 flushing  nmethod 0x0000025580a0b390
Event: 9.598 Thread 0x00000255f200e260 flushing  nmethod 0x0000025580a2bd90
Event: 9.598 Thread 0x00000255f200e260 flushing  nmethod 0x0000025580a5ec10

Events (20 events):
Event: 12.225 Thread 0x00000255ff271210 Thread exited: 0x00000255ff271210
Event: 12.225 Thread 0x00000255ff26b630 Thread exited: 0x00000255ff26b630
Event: 12.225 Thread 0x00000255ff26bcc0 Thread exited: 0x00000255ff26bcc0
Event: 12.225 Thread 0x00000255ff2704f0 Thread exited: 0x00000255ff2704f0
Event: 12.226 Thread 0x00000255ff26a280 Thread exited: 0x00000255ff26a280
Event: 12.686 Thread 0x00000255d05cac20 Thread added: 0x00000255ff26dd90
Event: 12.699 Thread 0x00000255d05cac20 Thread added: 0x00000255ff26bcc0
Event: 12.719 Thread 0x00000255d05cac20 Thread added: 0x00000255ff26c350
Event: 12.723 Thread 0x00000255d05cac20 Thread added: 0x00000255ff2704f0
Event: 12.746 Thread 0x00000255d05cac20 Thread added: 0x00000255ff26e420
Event: 12.767 Thread 0x00000255ff2704f0 Thread exited: 0x00000255ff2704f0
Event: 12.767 Thread 0x00000255ff26c350 Thread exited: 0x00000255ff26c350
Event: 12.767 Thread 0x00000255ff26bcc0 Thread exited: 0x00000255ff26bcc0
Event: 12.767 Thread 0x00000255ff26dd90 Thread exited: 0x00000255ff26dd90
Event: 12.767 Thread 0x00000255ff26e420 Thread exited: 0x00000255ff26e420
Event: 14.048 Thread 0x00000255d0a27dd0 Thread exited: 0x00000255d0a27dd0
Event: 15.754 Thread 0x00000255f1e59140 Thread added: 0x00000255db879360
Event: 17.243 Thread 0x00000255db879360 Thread exited: 0x00000255db879360
Event: 17.940 Thread 0x00000255f1e59140 Thread added: 0x00000255db879360
Event: 20.560 Thread 0x00000255db879360 Thread exited: 0x00000255db879360


Dynamic libraries:
0x00007ff73b0a0000 - 0x00007ff73b0ae000 	c:\Users\Lenovo\.vscode\extensions\redhat.java-1.43.1-win32-x64\jre\21.0.7-win32-x86_64\bin\java.exe
0x00007fff0b430000 - 0x00007fff0b647000 	C:\WINDOWS\SYSTEM32\ntdll.dll
0x00007fff0a850000 - 0x00007fff0a914000 	C:\WINDOWS\System32\KERNEL32.DLL
0x00007fff08a70000 - 0x00007fff08e42000 	C:\WINDOWS\System32\KERNELBASE.dll
0x00007fff08520000 - 0x00007fff08631000 	C:\WINDOWS\System32\ucrtbase.dll
0x00007ffee1340000 - 0x00007ffee1358000 	c:\Users\Lenovo\.vscode\extensions\redhat.java-1.43.1-win32-x64\jre\21.0.7-win32-x86_64\bin\jli.dll
0x00007fff0aca0000 - 0x00007fff0ae51000 	C:\WINDOWS\System32\USER32.dll
0x00007fff088d0000 - 0x00007fff088f6000 	C:\WINDOWS\System32\win32u.dll
0x00007fff09660000 - 0x00007fff09689000 	C:\WINDOWS\System32\GDI32.dll
0x00007fff08f90000 - 0x00007fff090b3000 	C:\WINDOWS\System32\gdi32full.dll
0x00007fff087b0000 - 0x00007fff0884a000 	C:\WINDOWS\System32\msvcp_win.dll
0x00007ffedf650000 - 0x00007ffedf66e000 	c:\Users\Lenovo\.vscode\extensions\redhat.java-1.43.1-win32-x64\jre\21.0.7-win32-x86_64\bin\VCRUNTIME140.dll
0x00007ffef1400000 - 0x00007ffef169b000 	C:\WINDOWS\WinSxS\amd64_microsoft.windows.common-controls_6595b64144ccf1df_6.0.22621.5415_none_270d77d17387d7da\COMCTL32.dll
0x00007fff09210000 - 0x00007fff092b7000 	C:\WINDOWS\System32\msvcrt.dll
0x00007fff09180000 - 0x00007fff091b1000 	C:\WINDOWS\System32\IMM32.DLL
0x00007ffef7f40000 - 0x00007ffef7f4c000 	c:\Users\Lenovo\.vscode\extensions\redhat.java-1.43.1-win32-x64\jre\21.0.7-win32-x86_64\bin\vcruntime140_1.dll
0x00007ffed0200000 - 0x00007ffed028d000 	c:\Users\Lenovo\.vscode\extensions\redhat.java-1.43.1-win32-x64\jre\21.0.7-win32-x86_64\bin\msvcp140.dll
0x00007ffe5a920000 - 0x00007ffe5b6b0000 	c:\Users\Lenovo\.vscode\extensions\redhat.java-1.43.1-win32-x64\jre\21.0.7-win32-x86_64\bin\server\jvm.dll
0x00007fff09480000 - 0x00007fff09531000 	C:\WINDOWS\System32\ADVAPI32.dll
0x00007fff0b230000 - 0x00007fff0b2d8000 	C:\WINDOWS\System32\sechost.dll
0x00007fff08700000 - 0x00007fff08728000 	C:\WINDOWS\System32\bcrypt.dll
0x00007fff0a920000 - 0x00007fff0aa34000 	C:\WINDOWS\System32\RPCRT4.dll
0x00007fff09550000 - 0x00007fff095c1000 	C:\WINDOWS\System32\WS2_32.dll
0x00007fff083f0000 - 0x00007fff0843d000 	C:\WINDOWS\SYSTEM32\POWRPROF.dll
0x00007ffeff810000 - 0x00007ffeff844000 	C:\WINDOWS\SYSTEM32\WINMM.dll
0x00007fff00560000 - 0x00007fff0056a000 	C:\WINDOWS\SYSTEM32\VERSION.dll
0x00007fff08320000 - 0x00007fff08333000 	C:\WINDOWS\SYSTEM32\UMPDC.dll
0x00007fff07510000 - 0x00007fff07528000 	C:\WINDOWS\SYSTEM32\kernel.appcore.dll
0x00007ffeebc50000 - 0x00007ffeebc5a000 	c:\Users\Lenovo\.vscode\extensions\redhat.java-1.43.1-win32-x64\jre\21.0.7-win32-x86_64\bin\jimage.dll
0x00007fff008d0000 - 0x00007fff00b03000 	C:\WINDOWS\SYSTEM32\DBGHELP.DLL
0x00007fff0ae80000 - 0x00007fff0b213000 	C:\WINDOWS\System32\combase.dll
0x00007fff0abc0000 - 0x00007fff0ac97000 	C:\WINDOWS\System32\OLEAUT32.dll
0x00007ffedcac0000 - 0x00007ffedcaf2000 	C:\WINDOWS\SYSTEM32\dbgcore.DLL
0x00007fff08850000 - 0x00007fff088cb000 	C:\WINDOWS\System32\bcryptPrimitives.dll
0x00007ffeeb4b0000 - 0x00007ffeeb4bf000 	c:\Users\Lenovo\.vscode\extensions\redhat.java-1.43.1-win32-x64\jre\21.0.7-win32-x86_64\bin\instrument.dll
0x00007ffec54b0000 - 0x00007ffec54cf000 	c:\Users\Lenovo\.vscode\extensions\redhat.java-1.43.1-win32-x64\jre\21.0.7-win32-x86_64\bin\java.dll
0x00007fff09690000 - 0x00007fff09f32000 	C:\WINDOWS\System32\SHELL32.dll
0x00007fff08e50000 - 0x00007fff08f8f000 	C:\WINDOWS\System32\wintypes.dll
0x00007fff063c0000 - 0x00007fff06cde000 	C:\WINDOWS\SYSTEM32\windows.storage.dll
0x00007fff0b2e0000 - 0x00007fff0b3eb000 	C:\WINDOWS\System32\SHCORE.dll
0x00007fff0aa40000 - 0x00007fff0aaa9000 	C:\WINDOWS\System32\shlwapi.dll
0x00007fff08450000 - 0x00007fff0847b000 	C:\WINDOWS\SYSTEM32\profapi.dll
0x00007ffedf760000 - 0x00007ffedf778000 	c:\Users\Lenovo\.vscode\extensions\redhat.java-1.43.1-win32-x64\jre\21.0.7-win32-x86_64\bin\zip.dll
0x00007ffeeb300000 - 0x00007ffeeb310000 	C:\Users\Lenovo\.vscode\extensions\redhat.java-1.43.1-win32-x64\jre\21.0.7-win32-x86_64\bin\net.dll
0x00007fff003a0000 - 0x00007fff004cc000 	C:\WINDOWS\SYSTEM32\WINHTTP.dll
0x00007fff07980000 - 0x00007fff079e9000 	C:\WINDOWS\system32\mswsock.dll
0x00007ffedf740000 - 0x00007ffedf756000 	C:\Users\Lenovo\.vscode\extensions\redhat.java-1.43.1-win32-x64\jre\21.0.7-win32-x86_64\bin\nio.dll
0x00007fff006c0000 - 0x00007fff006d0000 	c:\Users\Lenovo\.vscode\extensions\redhat.java-1.43.1-win32-x64\jre\21.0.7-win32-x86_64\bin\verify.dll
0x00007ffeffc10000 - 0x00007ffeffc55000 	C:\Users\Lenovo\AppData\Roaming\Code\User\globalStorage\redhat.java\1.43.1\config_win\org.eclipse.equinox.launcher\org.eclipse.equinox.launcher.win32.win32.x86_64_1.2.1300.v20250331-1702\eclipse_11911.dll
0x00007fff0a3c0000 - 0x00007fff0a560000 	C:\WINDOWS\System32\ole32.dll
0x00007fff07cd0000 - 0x00007fff07ceb000 	C:\WINDOWS\SYSTEM32\CRYPTSP.dll
0x00007fff07470000 - 0x00007fff074a7000 	C:\WINDOWS\system32\rsaenh.dll
0x00007fff07a20000 - 0x00007fff07a48000 	C:\WINDOWS\SYSTEM32\USERENV.dll
0x00007fff07cb0000 - 0x00007fff07cbc000 	C:\WINDOWS\SYSTEM32\CRYPTBASE.dll
0x00007fff06f40000 - 0x00007fff06f6d000 	C:\WINDOWS\SYSTEM32\IPHLPAPI.DLL
0x00007fff0a840000 - 0x00007fff0a849000 	C:\WINDOWS\System32\NSI.dll
0x00007ffeeb380000 - 0x00007ffeeb3c9000 	C:\Users\Lenovo\AppData\Local\Temp\jna--2022488749\jna16189768865222875770.dll
0x00007fff090c0000 - 0x00007fff090c8000 	C:\WINDOWS\System32\PSAPI.DLL
0x00007fff01ad0000 - 0x00007fff01ae9000 	C:\WINDOWS\SYSTEM32\dhcpcsvc6.DLL
0x00007fff00570000 - 0x00007fff0058f000 	C:\WINDOWS\SYSTEM32\dhcpcsvc.DLL

dbghelp: loaded successfully - version: 4.0.5 - missing functions: none
symbol engine: initialized successfully - sym options: 0x614 - pdb path: .;c:\Users\Lenovo\.vscode\extensions\redhat.java-1.43.1-win32-x64\jre\21.0.7-win32-x86_64\bin;C:\WINDOWS\SYSTEM32;C:\WINDOWS\WinSxS\amd64_microsoft.windows.common-controls_6595b64144ccf1df_6.0.22621.5415_none_270d77d17387d7da;c:\Users\Lenovo\.vscode\extensions\redhat.java-1.43.1-win32-x64\jre\21.0.7-win32-x86_64\bin\server;C:\Users\Lenovo\AppData\Roaming\Code\User\globalStorage\redhat.java\1.43.1\config_win\org.eclipse.equinox.launcher\org.eclipse.equinox.launcher.win32.win32.x86_64_1.2.1300.v20250331-1702;C:\Users\Lenovo\AppData\Local\Temp\jna--2022488749

VM Arguments:
jvm_args: --add-modules=ALL-SYSTEM --add-opens=java.base/java.util=ALL-UNNAMED --add-opens=java.base/java.lang=ALL-UNNAMED --add-opens=java.base/sun.nio.fs=ALL-UNNAMED -Declipse.application=org.eclipse.jdt.ls.core.id1 -Dosgi.bundles.defaultStartLevel=4 -Declipse.product=org.eclipse.jdt.ls.core.product -Djava.import.generatesMetadataFilesAtProjectRoot=false -DDetectVMInstallationsJob.disabled=true -Dfile.encoding=utf8 -XX:+UseParallelGC -XX:GCTimeRatio=4 -XX:AdaptiveSizePolicyWeight=90 -Dsun.zip.disableMemoryMapping=true -Xmx2G -Xms100m -Xlog:disable -javaagent:c:\Users\Lenovo\.vscode\extensions\redhat.java-1.43.1-win32-x64\lombok\lombok-1.18.39-4050.jar -XX:+HeapDumpOnOutOfMemoryError -XX:HeapDumpPath=c:\Users\Lenovo\AppData\Roaming\Code\User\workspaceStorage\b5c7f040054819bcab25fd590b07e2e8\redhat.java -Daether.dependencyCollector.impl=bf 
java_command: c:\Users\Lenovo\.vscode\extensions\redhat.java-1.43.1-win32-x64\server\plugins\org.eclipse.equinox.launcher_1.7.0.v20250519-0528.jar -configuration c:\Users\Lenovo\AppData\Roaming\Code\User\globalStorage\redhat.java\1.43.1\config_win -data c:\Users\Lenovo\AppData\Roaming\Code\User\workspaceStorage\b5c7f040054819bcab25fd590b07e2e8\redhat.java\jdt_ws --pipe=\\.\pipe\lsp-777314a1ab2522f0ba0a79b491c401c2-sock
java_class_path (initial): c:\Users\Lenovo\.vscode\extensions\redhat.java-1.43.1-win32-x64\server\plugins\org.eclipse.equinox.launcher_1.7.0.v20250519-0528.jar
Launcher Type: SUN_STANDARD

[Global flags]
    uintx AdaptiveSizePolicyWeight                 = 90                                        {product} {command line}
     intx CICompilerCount                          = 3                                         {product} {ergonomic}
    uintx GCTimeRatio                              = 4                                         {product} {command line}
     bool HeapDumpOnOutOfMemoryError               = true                                   {manageable} {command line}
    ccstr HeapDumpPath                             = c:\Users\Lenovo\AppData\Roaming\Code\User\workspaceStorage\b5c7f040054819bcab25fd590b07e2e8\redhat.java         {manageable} {command line}
   size_t InitialHeapSize                          = 104857600                                 {product} {command line}
   size_t MaxHeapSize                              = 2147483648                                {product} {command line}
   size_t MaxNewSize                               = 715653120                                 {product} {ergonomic}
   size_t MinHeapDeltaBytes                        = 524288                                    {product} {ergonomic}
   size_t MinHeapSize                              = 104857600                                 {product} {command line}
   size_t NewSize                                  = 34603008                                  {product} {ergonomic}
    uintx NonNMethodCodeHeapSize                   = 5832780                                {pd product} {ergonomic}
    uintx NonProfiledCodeHeapSize                  = 122912730                              {pd product} {ergonomic}
   size_t OldSize                                  = 70254592                                  {product} {ergonomic}
    uintx ProfiledCodeHeapSize                     = 122912730                              {pd product} {ergonomic}
    uintx ReservedCodeCacheSize                    = 251658240                              {pd product} {ergonomic}
     bool SegmentedCodeCache                       = true                                      {product} {ergonomic}
   size_t SoftMaxHeapSize                          = 2147483648                             {manageable} {ergonomic}
     bool UseCompressedOops                        = true                           {product lp64_product} {ergonomic}
     bool UseLargePagesIndividualAllocation        = false                                  {pd product} {ergonomic}
     bool UseParallelGC                            = true                                      {product} {command line}

Logging:
Log output configuration:
 #0: stdout all=off uptime,level,tags foldmultilines=false
 #1: stderr all=off uptime,level,tags foldmultilines=false

Environment Variables:
PATH=C:\Python313\Scripts\;C:\Python313\;C:\Program Files\Common Files\Oracle\Java\javapath;C:\Program Files\Python310\Scripts\;C:\Program Files\Python310\;C:\Program Files (x86)\Common Files\Oracle\Java\javapath;C:\WINDOWS\system32;C:\WINDOWS;C:\WINDOWS\System32\Wbem;C:\WINDOWS\System32\WindowsPowerShell\v1.0\;C:\WINDOWS\System32\OpenSSH\;C:\jdk1.7\bin;C:\ngrok;C:\Program Files (x86)\Microsoft SQL Server\160\DTS\Binn\;C:\Program Files (x86)\Microsoft SQL Server\160\Tools\Binn\;C:\Program Files\Microsoft SQL Server\160\Tools\Binn\;C:\Program Files\Microsoft SQL Server\Client SDK\ODBC\170\Tools\Binn\;C:\Program Files\Microsoft SQL Server\160\DTS\Binn\;D:\nodejs\;D:\maven\apache-maven-3.9.9\bin;C:\Program Files\Git\cmd;C:\Program Files\MySQL\MySQL Shell 8.0\bin\;C:\Users\Lenovo\AppData\Local\Microsoft\WindowsApps;;C:\Program Files\JetBrains\IntelliJ IDEA Community Edition 2024.3\bin;;C:\Users\Lenovo\AppData\Local\Programs\Microsoft VS Code\bin;C:\Users\Lenovo\AppData\Roaming\npm
USERNAME=Lenovo
OS=Windows_NT
PROCESSOR_IDENTIFIER=Intel64 Family 6 Model 140 Stepping 1, GenuineIntel
TMP=C:\Users\Lenovo\AppData\Local\Temp
TEMP=C:\Users\Lenovo\AppData\Local\Temp




Periodic native trim disabled

---------------  S Y S T E M  ---------------

OS:
 Windows 11 , 64 bit Build 22621 (10.0.22621.5415)
OS uptime: 0 days 0:13 hours
Hyper-V role detected

CPU: total 4 (initial active 4) (2 cores per cpu, 2 threads per core) family 6 model 140 stepping 1 microcode 0xa6, cx8, cmov, fxsr, ht, mmx, 3dnowpref, sse, sse2, sse3, ssse3, sse4.1, sse4.2, popcnt, lzcnt, tsc, tscinvbit, avx, avx2, aes, erms, clmul, bmi1, bmi2, adx, avx512f, avx512dq, avx512cd, avx512bw, avx512vl, sha, fma, vzeroupper, avx512_vpopcntdq, avx512_vpclmulqdq, avx512_vaes, avx512_vnni, clflush, clflushopt, clwb, avx512_vbmi2, avx512_vbmi, hv, rdtscp, rdpid, fsrm, gfni, avx512_bitalg, f16c, cet_ibt, cet_ss, avx512_ifma
Processor Information for the first 4 processors :
  Max Mhz: 2995, Current Mhz: 2995, Mhz Limit: 2995

Memory: 4k page, system-wide physical 7979M (314M free)
TotalPageFile size 10424M (AvailPageFile size 4M)
current process WorkingSet (physical memory assigned to process): 920M, peak: 920M
current process commit charge ("private bytes"): 938M, peak: 1657M

vm_info: OpenJDK 64-Bit Server VM (21.0.7+6-LTS) for windows-amd64 JRE (21.0.7+6-LTS), built on 2025-04-15T00:00:00Z by "admin" with MS VC++ 17.7 (VS2022)

END.
